[36mvite v6.4.1 [32mbuilding for production...[36m[39m
transforming...
[32m笨・[39m 29 modules transformed.
node.exe : [31m笨・[39m 
Build failed in 358ms
発生場所 行:1 文字:1
+ & "C:\Program Files\n
odejs/node.exe" "C:\Pro
gram Files\nodejs/node_
mo ...
+ ~~~~~~~~~~~~~~~~~~~~~
~~~~~~~~~~~~~~~~~~~~~~~
~~~~~~~~~~~~~~~~~~~~~~~
~~
    + CategoryInfo     
         : NotSpecifi  
  ed: ([31m笨・[39m B   
 uild failed in 358    
ms:String) [], Rem    o
teException
    + FullyQualifiedEr 
   rorId : NativeComm  
  andError
 
[31merror during build
:
[31msrc/main.tsx (3:7)
: "default" is not expo
rted by "src/App.js", i
mported by "src/main.ts
x".[31m
file: [36mC:/Users/nmh
-ai/.gemini/antigravity
/regimen_table_maker_20
2603/src/main.tsx:3:7[
31m
[33m
1: import React from 'r
eact';
2: import ReactDOM from
 'react-dom/client';
3: import App from './A
pp';
          ^
4: import './index.css'
;
[31m
    at getRollupError (
file:///C:/Users/nmh-ai
/.gemini/antigravity/re
gimen_table_maker_20260
3/node_modules/rollup/d
ist/es/shared/parseAst.
js:402:41)
    at error (file:///C
:/Users/nmh-ai/.gemini/
antigravity/regimen_tab
le_maker_202603/node_mo
dules/rollup/dist/es/sh
ared/parseAst.js:398:42
)
    at Module.error (fi
le:///C:/Users/nmh-ai/.
gemini/antigravity/regi
men_table_maker_202603/
node_modules/rollup/dis
t/es/shared/node-entry.
js:17040:16)
    at Module.traceVari
able (file:///C:/Users/
nmh-ai/.gemini/antigrav
ity/regimen_table_maker
_202603/node_modules/ro
llup/dist/es/shared/nod
e-entry.js:17452:29)
    at ModuleScope.find
Variable (file:///C:/Us
ers/nmh-ai/.gemini/anti
gravity/regimen_table_m
aker_202603/node_module
s/rollup/dist/es/shared
/node-entry.js:15070:39
)
    at Identifier.bind 
(file:///C:/Users/nmh-a
i/.gemini/antigravity/r
egimen_table_maker_2026
03/node_modules/rollup/
dist/es/shared/node-ent
ry.js:5447:40)
    at CallExpression.b
ind (file:///C:/Users/n
mh-ai/.gemini/antigravi
ty/regimen_table_maker_
202603/node_modules/rol
lup/dist/es/shared/node
-entry.js:2825:28)
    at CallExpression.b
ind (file:///C:/Users/n
mh-ai/.gemini/antigravi
ty/regimen_table_maker_
202603/node_modules/rol
lup/dist/es/shared/node
-entry.js:12179:15)
    at Property.bind (f
ile:///C:/Users/nmh-ai/
.gemini/antigravity/reg
imen_table_maker_202603
/node_modules/rollup/di
st/es/shared/node-entry
.js:2829:23)
    at ObjectExpression
.bind (file:///C:/Users
/nmh-ai/.gemini/antigra
vity/regimen_table_make
r_202603/node_modules/r
ollup/dist/es/shared/no
de-entry.js:2825:28)[3
9m
